[2026-05-04 10:48:58] ==================================================
[2026-05-04 10:48:58] 🚀 启动微信个人信息收集机器人
[2026-05-04 10:48:58] ==================================================
[2026-05-04 10:48:58] 开始微信登录流程
/Users/fan/Library/Python/3.9/lib/python/site-packages/urllib3/__init__.py:35: NotOpenSSLWarning: urllib3 v2 only supports OpenSSL 1.1.1+, currently the 'ssl' module is compiled with 'LibreSSL 2.8.3'. See: https://github.com/urllib3/urllib3/issues/3020
  warnings.warn(
█[2026-05-04 10:52:06] ==================================================
[2026-05-04 10:52:06] 🚀 启动微信个人信息收集机器人
[2026-05-04 10:52:06] ==================================================
[2026-05-04 10:52:06] 开始微信登录流程
Getting uuid of QR code.
Downloading QR code.
[2026-05-04 10:52:06] ==================================================
[2026-05-04 10:52:06] 🚀 启动微信个人信息收集机器人
[2026-05-04 10:52:06] ==================================================

🔍 检查 OpenClaw Gateway...
✅ OpenClaw Gateway 正常: {'ok': True, 'status': 'live'}

📱 正在登录微信...
[2026-05-04 10:52:06] 开始微信登录流程
                                                  ██████████████████████████████████████████████████████████████████████████████
██              ████  ██████    ████████    ██████  ██  ██████              ██
██  ██████████  ████  ██████████████████  ██    ████  ████████  ██████████  ██
██  ██      ██  ██        ████      ██  ██████  ████  ██    ██  ██      ██  ██
██  ██      ██  ██  ██  ██    ██  ██  ██      ██████        ██  ██      ██  ██
██  ██      ██  ████  ██  ████████  ██  ██  ████  ██    ██████  ██      ██  ██
██  ██████████  ██████  ████      ██  ██          ████  ██████  ██████████  ██
██              ██  ██  ██  ██  ██  ██  ██  ██  ██  ██  ██  ██              ██
████████████████████  ████████      ████  ██    ██    ██    ██████████████████
████████    ██    ██      ██████████████  ██  ██  ██████████████████    ██████
██████  ████  ██      ████████    ██  ████        ██  ██    ████    ██    ████
████    ██  ██  ██          ██  ████████████    ██    ██                ██  ██
████  ████  ████  ████    ██  ██  ████    ██  ████  ██  ██              ██  ██
██  ██████  ██        ██  ██████    ██      ██████  ████    ██    ████      ██
██████  ████████      ██      ████  ██      ██  ██  ██        ████  ██  ██████
████████    ██    ██  ██  ████          ██    ██  ██  ██  ██    ██          ██
██  ████  ████████    ████  ██████    ████  ██  ██  ████  ██  ████        ████
████████            ██  ████    ████  ████        ██  ████  ██    ████  ██  ██
████      ██  ████    ████  ██    ████  ████  ██      ██  ██  ██  ██████  ████
██  ██  ██  ██    ██  ████        ██        ██  ██  ████  ██████  ████  ██  ██
████████  ██████      ██████  ██  ██    ██    ████    ██████  ██████  ████████
██    ██  ██    ████                ████      ██        ██      ██    ████████
██  ████████████  ██    ██  ██      ████████  ████    ██    ████    ██      ██
██  ██  ██  ██        ██  ██████  ██████    ██████  ████  ████  ██  ██████  ██
████          ████    ██    ████    ████████████    ██      ████  ████    ████
██  ██    ██      ████████      ██  ██  ██      ████    ██  ██        ████  ██
██          ██████  ██    ████  ████████      ████  ██  ██      ██  ████  ████
██    ██  ████    ██    ████  ████████      ██  ████        ██  ████████    ██
██  ██████  ██████████████  ████████  ██████    ██  ██  ████  ██        ██████
██  ██    ████        ██  ████    ██████    ██    ██  ██                ██████
██████████████████  ████    ████  ██████████  ██████  ████  ██████        ████
██              ██  ████    ██  ████    ████████  ████████  ██  ██      ██  ██
██  ██████████  ████    ████      ██████████  ████      ██  ██████    ██  ████
██  ██      ██  ██  ████████    ██    ████  ██████  ████            ████  ████
██  ██      ██  ██  ██████    ██████  ██  ██████████        ██  ████  ████████
██  ██      ██  ████  ██████    ██    ██  ████  ██  ██  ██  ████            ██
██  ██████████  ██████  ██████████████      ██  ██████  ██████  ██  ██      ██
██              ████  ██████  ████    ██  ████████  ██████  ██  ████  ████  ██
██████████████████████████████████████████████████████████████████████████████
Please scan the QR code to log in.
Traceback (most recent call last):
  File "/Users/fan/Library/Python/3.9/lib/python/site-packages/urllib3/connectionpool.py", line 787, in urlopen
    response = self._make_request(
  File "/Users/fan/Library/Python/3.9/lib/python/site-packages/urllib3/connectionpool.py", line 534, in _make_request
    response = conn.getresponse()
  File "/Users/fan/Library/Python/3.9/lib/python/site-packages/urllib3/connection.py", line 571, in getresponse
    httplib_response = super().getresponse()
  File "/Library/Developer/CommandLineTools/Library/Frameworks/Python3.framework/Versions/3.9/lib/python3.9/http/client.py", line 1349, in getresponse
    response.begin()
  File "/Library/Developer/CommandLineTools/Library/Frameworks/Python3.framework/Versions/3.9/lib/python3.9/http/client.py", line 316, in begin
    version, status, reason = self._read_status()
  File "/Library/Developer/CommandLineTools/Library/Frameworks/Python3.framework/Versions/3.9/lib/python3.9/http/client.py", line 277, in _read_status
    line = str(self.fp.readline(_MAXLINE + 1), "iso-8859-1")
  File "/Library/Developer/CommandLineTools/Library/Frameworks/Python3.framework/Versions/3.9/lib/python3.9/socket.py", line 704, in readinto
    return self._sock.recv_into(b)
  File "/Library/Developer/CommandLineTools/Library/Frameworks/Python3.framework/Versions/3.9/lib/python3.9/ssl.py", line 1241, in recv_into
    return self.read(nbytes, buffer)
  File "/Library/Developer/CommandLineTools/Library/Frameworks/Python3.framework/Versions/3.9/lib/python3.9/ssl.py", line 1099, in read
    return self._sslobj.read(len, buffer)
ConnectionResetError: [Errno 54] Connection reset by peer

During handling of the above exception, another exception occurred:

Traceback (most recent call last):
  File "/Users/fan/Library/Python/3.9/lib/python/site-packages/requests/adapters.py", line 644, in send
    resp = conn.urlopen(
  File "/Users/fan/Library/Python/3.9/lib/python/site-packages/urllib3/connectionpool.py", line 841, in urlopen
    retries = retries.increment(
  File "/Users/fan/Library/Python/3.9/lib/python/site-packages/urllib3/util/retry.py", line 490, in increment
    raise reraise(type(error), error, _stacktrace)
  File "/Users/fan/Library/Python/3.9/lib/python/site-packages/urllib3/util/util.py", line 38, in reraise
    raise value.with_traceback(tb)
  File "/Users/fan/Library/Python/3.9/lib/python/site-packages/urllib3/connectionpool.py", line 787, in urlopen
    response = self._make_request(
  File "/Users/fan/Library/Python/3.9/lib/python/site-packages/urllib3/connectionpool.py", line 534, in _make_request
    response = conn.getresponse()
  File "/Users/fan/Library/Python/3.9/lib/python/site-packages/urllib3/connection.py", line 571, in getresponse
    httplib_response = super().getresponse()
  File "/Library/Developer/CommandLineTools/Library/Frameworks/Python3.framework/Versions/3.9/lib/python3.9/http/client.py", line 1349, in getresponse
    response.begin()
  File "/Library/Developer/CommandLineTools/Library/Frameworks/Python3.framework/Versions/3.9/lib/python3.9/http/client.py", line 316, in begin
    version, status, reason = self._read_status()
  File "/Library/Developer/CommandLineTools/Library/Frameworks/Python3.framework/Versions/3.9/lib/python3.9/http/client.py", line 277, in _read_status
    line = str(self.fp.readline(_MAXLINE + 1), "iso-8859-1")
  File "/Library/Developer/CommandLineTools/Library/Frameworks/Python3.framework/Versions/3.9/lib/python3.9/socket.py", line 704, in readinto
    return self._sock.recv_into(b)
  File "/Library/Developer/CommandLineTools/Library/Frameworks/Python3.framework/Versions/3.9/lib/python3.9/ssl.py", line 1241, in recv_into
    return self.read(nbytes, buffer)
  File "/Library/Developer/CommandLineTools/Library/Frameworks/Python3.framework/Versions/3.9/lib/python3.9/ssl.py", line 1099, in read
    return self._sslobj.read(len, buffer)
urllib3.exceptions.ProtocolError: ('Connection aborted.', ConnectionResetError(54, 'Connection reset by peer'))

During handling of the above exception, another exception occurred:

Traceback (most recent call last):
  File "/Users/fan/AI-Fan/tools/douban-bot/wechat_bot.py", line 326, in <module>
    main()
  File "/Users/fan/AI-Fan/tools/douban-bot/wechat_bot.py", line 322, in main
    start_bot()
  File "/Users/fan/AI-Fan/tools/douban-bot/wechat_bot.py", line 273, in start_bot
    itchat.auto_login(hotReload=True, enableCmdQR=2)
  File "/Users/fan/Library/Python/3.9/lib/python/site-packages/itchat/components/register.py", line 31, in auto_login
    self.login(enableCmdQR=enableCmdQR, picDir=picDir, qrCallback=qrCallback,
  File "/Users/fan/Library/Python/3.9/lib/python/site-packages/itchat/components/login.py", line 53, in login
    status = self.check_login()
  File "/Users/fan/Library/Python/3.9/lib/python/site-packages/itchat/components/login.py", line 133, in check_login
    r = self.s.get(url, params=params, headers=headers)
  File "/Users/fan/Library/Python/3.9/lib/python/site-packages/requests/sessions.py", line 602, in get
    return self.request("GET", url, **kwargs)
  File "/Users/fan/Library/Python/3.9/lib/python/site-packages/requests/sessions.py", line 589, in request
    resp = self.send(prep, **send_kwargs)
  File "/Users/fan/Library/Python/3.9/lib/python/site-packages/requests/sessions.py", line 703, in send
    r = adapter.send(request, **kwargs)
  File "/Users/fan/Library/Python/3.9/lib/python/site-packages/requests/adapters.py", line 659, in send
    raise ConnectionError(err, request=request)
requests.exceptions.ConnectionError: ('Connection aborted.', ConnectionResetError(54, 'Connection reset by peer'))
[2026-05-04 11:35:47] ==================================================
[2026-05-04 11:35:47] 🚀 启动微信个人信息收集机器人
[2026-05-04 11:35:47] ==================================================
[2026-05-04 11:35:47] 开始微信登录流程
